<html>
<body>
<pre>
<h1>µVision Build Log</h1>
<h2>Tool Versions:</h2>
IDE-Version: µVision V5.37.0.0
Copyright (C) 2022 ARM Ltd and ARM Germany GmbH. All rights reserved.
License Information: Hossam Windows, HP Inc., LIC=----
 
Tool Versions:
Toolchain:       MDK-Lite  Version: 5.37.0.0
Toolchain Path:  D:\programming\keli\ARM\ARMCLANG\Bin
C Compiler:      ArmClang.exe V6.18
Assembler:       Armasm.exe V6.18
Linker/Locator:  ArmLink.exe V6.18
Library Manager: ArmAr.exe V6.18
Hex Converter:   FromElf.exe V6.18
CPU DLL:         SARMCM3.DLL V5.37.0.0
Dialog DLL:      DCM.DLL V1.17.5.0
    Target DLL: lmidk-agdi.dll
Dialog DLL:      TCM.DLL V1.56.1.0
 
<h2>Project:</h2>
C:\Users\hp\Desktop\SOS\C7_SOS.uvproj
Project File Date:  11/26/2022

<h2>Output:</h2>
*** Using Compiler 'V6.18', folder: 'D:\programming\keli\ARM\ARMCLANG\Bin'
Build target 'C7_SOS'
compiling main.c...
linking...
Program Size: Code=1680 RO-data=16 RW-data=0 ZI-data=1128  
".\C7_SOS.axf" - 0 Error(s), 0 Warning(s).
Build Time Elapsed:  00:00:00
</pre>
</body>
</html>
